2026-08-01 17:30:13,683 | INFO | New contact received from salman (salmanbari914@gmail.com)
2026-08-01 19:31:01,658 | ERROR | Unhandled exception: This hash can't be identified. Make sure it's valid and that its corresponding hasher is enabled.
Traceback (most recent call last):
  File "C:\Users\SAMSUNG\Downloads\ai_agent_month\novixa-website\backend\venv\Lib\site-packages\starlette\middleware\errors.py", line 164, in __call__
    await self.app(scope, receive, _send)
  File "C:\Users\SAMSUNG\Downloads\ai_agent_month\novixa-website\backend\venv\Lib\site-packages\starlette\middleware\cors.py", line 96, in __call__
    await self.simple_response(scope, receive, send, request_headers=headers)
  File "C:\Users\SAMSUNG\Downloads\ai_agent_month\novixa-website\backend\venv\Lib\site-packages\starlette\middleware\cors.py", line 154, in simple_response
    await self.app(scope, receive, send)
  File "C:\Users\SAMSUNG\Downloads\ai_agent_month\novixa-website\backend\venv\Lib\site-packages\starlette\middleware\exceptions.py", line 63, in __call__
    await wrap_app_handling_exceptions(self.app, conn)(scope, receive, send)
  File "C:\Users\SAMSUNG\Downloads\ai_agent_month\novixa-website\backend\venv\Lib\site-packages\starlette\_exception_handler.py", line 53, in wrapped_app
    raise exc
  File "C:\Users\SAMSUNG\Downloads\ai_agent_month\novixa-website\backend\venv\Lib\site-packages\starlette\_exception_handler.py", line 42, in wrapped_app
    await app(scope, receive, sender)
  File "C:\Users\SAMSUNG\Downloads\ai_agent_month\novixa-website\backend\venv\Lib\site-packages\fastapi\middleware\asyncexitstack.py", line 18, in __call__
    await self.app(scope, receive, send)
  File "C:\Users\SAMSUNG\Downloads\ai_agent_month\novixa-website\backend\venv\Lib\site-packages\starlette\routing.py", line 660, in __call__
    await self.middleware_stack(scope, receive, send)
  File "C:\Users\SAMSUNG\Downloads\ai_agent_month\novixa-website\backend\venv\Lib\site-packages\fastapi\routing.py", line 2685, in app
    await route.handle(scope, receive, send)
  File "C:\Users\SAMSUNG\Downloads\ai_agent_month\novixa-website\backend\venv\Lib\site-packages\fastapi\routing.py", line 1766, in handle
    await self.original_router.handle(scope, receive, send)
  File "C:\Users\SAMSUNG\Downloads\ai_agent_month\novixa-website\backend\venv\Lib\site-packages\fastapi\routing.py", line 2740, in handle
    await included_router._handle_selected(scope, receive, send)
  File "C:\Users\SAMSUNG\Downloads\ai_agent_month\novixa-website\backend\venv\Lib\site-packages\fastapi\routing.py", line 1786, in _handle_selected
    await original_route.handle(scope, receive, send)
  File "C:\Users\SAMSUNG\Downloads\ai_agent_month\novixa-website\backend\venv\Lib\site-packages\fastapi\routing.py", line 1265, in handle
    await app(scope, receive, send)
  File "C:\Users\SAMSUNG\Downloads\ai_agent_month\novixa-website\backend\venv\Lib\site-packages\fastapi\routing.py", line 151, in app
    await wrap_app_handling_exceptions(app, request)(scope, receive, send)
  File "C:\Users\SAMSUNG\Downloads\ai_agent_month\novixa-website\backend\venv\Lib\site-packages\starlette\_exception_handler.py", line 53, in wrapped_app
    raise exc
  File "C:\Users\SAMSUNG\Downloads\ai_agent_month\novixa-website\backend\venv\Lib\site-packages\starlette\_exception_handler.py", line 42, in wrapped_app
    await app(scope, receive, sender)
  File "C:\Users\SAMSUNG\Downloads\ai_agent_month\novixa-website\backend\venv\Lib\site-packages\fastapi\routing.py", line 137, in app
    response = await f(request)
               ^^^^^^^^^^^^^^^^
  File "C:\Users\SAMSUNG\Downloads\ai_agent_month\novixa-website\backend\venv\Lib\site-packages\fastapi\routing.py", line 691, in app
    raw_response = await run_endpoint_function(
                   ^^^^^^^^^^^^^^^^^^^^^^^^^^^^
    ...<3 lines>...
    )
    ^
  File "C:\Users\SAMSUNG\Downloads\ai_agent_month\novixa-website\backend\venv\Lib\site-packages\fastapi\routing.py", line 347, in run_endpoint_function
    return await run_in_threadpool(dependant.call, **values)
           ^^^^^^^^^^^^^^^^^^^^^^^^^^^^^^^^^^^^^^^^^^^^^^^^^
  File "C:\Users\SAMSUNG\Downloads\ai_agent_month\novixa-website\backend\venv\Lib\site-packages\starlette\concurrency.py", line 34, in run_in_threadpool
    return await anyio.to_thread.run_sync(func)
           ^^^^^^^^^^^^^^^^^^^^^^^^^^^^^^^^^^^^
  File "C:\Users\SAMSUNG\Downloads\ai_agent_month\novixa-website\backend\venv\Lib\site-packages\anyio\to_thread.py", line 65, in run_sync
    return await get_async_backend().run_sync_in_worker_thread(
           ^^^^^^^^^^^^^^^^^^^^^^^^^^^^^^^^^^^^^^^^^^^^^^^^^^^^
        func, args, abandon_on_cancel=abandon_on_cancel, limiter=limiter
        ^^^^^^^^^^^^^^^^^^^^^^^^^^^^^^^^^^^^^^^^^^^^^^^^^^^^^^^^^^^^^^^^
    )
    ^
  File "C:\Users\SAMSUNG\Downloads\ai_agent_month\novixa-website\backend\venv\Lib\site-packages\anyio\_backends\_asyncio.py", line 2641, in run_sync_in_worker_thread
    return await future
           ^^^^^^^^^^^^
  File "C:\Users\SAMSUNG\Downloads\ai_agent_month\novixa-website\backend\venv\Lib\site-packages\anyio\_backends\_asyncio.py", line 1033, in run
    result = context.run(func, *args)
  File "C:\Users\SAMSUNG\Downloads\ai_agent_month\novixa-website\backend\app\routes\auth.py", line 24, in login
    and verify_password(
        ~~~~~~~~~~~~~~~^
        data.password,
        ^^^^^^^^^^^^^^
        ADMIN_PASSWORD_HASH
        ^^^^^^^^^^^^^^^^^^^
    )
    ^
  File "C:\Users\SAMSUNG\Downloads\ai_agent_month\novixa-website\backend\app\core\security.py", line 21, in verify_password
    return password_hash.verify(password, hashed)
           ~~~~~~~~~~~~~~~~~~~~^^^^^^^^^^^^^^^^^^
  File "C:\Users\SAMSUNG\Downloads\ai_agent_month\novixa-website\backend\venv\Lib\site-packages\pwdlib\_hash.py", line 85, in verify
    raise exceptions.UnknownHashError(hash)
pwdlib.exceptions.UnknownHashError: This hash can't be identified. Make sure it's valid and that its corresponding hasher is enabled.
2026-08-01 19:34:42,345 | ERROR | Unhandled exception: This hash can't be identified. Make sure it's valid and that its corresponding hasher is enabled.
Traceback (most recent call last):
  File "C:\Users\SAMSUNG\Downloads\ai_agent_month\novixa-website\backend\venv\Lib\site-packages\starlette\middleware\errors.py", line 164, in __call__
    await self.app(scope, receive, _send)
  File "C:\Users\SAMSUNG\Downloads\ai_agent_month\novixa-website\backend\venv\Lib\site-packages\starlette\middleware\cors.py", line 96, in __call__
    await self.simple_response(scope, receive, send, request_headers=headers)
  File "C:\Users\SAMSUNG\Downloads\ai_agent_month\novixa-website\backend\venv\Lib\site-packages\starlette\middleware\cors.py", line 154, in simple_response
    await self.app(scope, receive, send)
  File "C:\Users\SAMSUNG\Downloads\ai_agent_month\novixa-website\backend\venv\Lib\site-packages\starlette\middleware\exceptions.py", line 63, in __call__
    await wrap_app_handling_exceptions(self.app, conn)(scope, receive, send)
  File "C:\Users\SAMSUNG\Downloads\ai_agent_month\novixa-website\backend\venv\Lib\site-packages\starlette\_exception_handler.py", line 53, in wrapped_app
    raise exc
  File "C:\Users\SAMSUNG\Downloads\ai_agent_month\novixa-website\backend\venv\Lib\site-packages\starlette\_exception_handler.py", line 42, in wrapped_app
    await app(scope, receive, sender)
  File "C:\Users\SAMSUNG\Downloads\ai_agent_month\novixa-website\backend\venv\Lib\site-packages\fastapi\middleware\asyncexitstack.py", line 18, in __call__
    await self.app(scope, receive, send)
  File "C:\Users\SAMSUNG\Downloads\ai_agent_month\novixa-website\backend\venv\Lib\site-packages\starlette\routing.py", line 660, in __call__
    await self.middleware_stack(scope, receive, send)
  File "C:\Users\SAMSUNG\Downloads\ai_agent_month\novixa-website\backend\venv\Lib\site-packages\fastapi\routing.py", line 2685, in app
    await route.handle(scope, receive, send)
  File "C:\Users\SAMSUNG\Downloads\ai_agent_month\novixa-website\backend\venv\Lib\site-packages\fastapi\routing.py", line 1766, in handle
    await self.original_router.handle(scope, receive, send)
  File "C:\Users\SAMSUNG\Downloads\ai_agent_month\novixa-website\backend\venv\Lib\site-packages\fastapi\routing.py", line 2740, in handle
    await included_router._handle_selected(scope, receive, send)
  File "C:\Users\SAMSUNG\Downloads\ai_agent_month\novixa-website\backend\venv\Lib\site-packages\fastapi\routing.py", line 1786, in _handle_selected
    await original_route.handle(scope, receive, send)
  File "C:\Users\SAMSUNG\Downloads\ai_agent_month\novixa-website\backend\venv\Lib\site-packages\fastapi\routing.py", line 1265, in handle
    await app(scope, receive, send)
  File "C:\Users\SAMSUNG\Downloads\ai_agent_month\novixa-website\backend\venv\Lib\site-packages\fastapi\routing.py", line 151, in app
    await wrap_app_handling_exceptions(app, request)(scope, receive, send)
  File "C:\Users\SAMSUNG\Downloads\ai_agent_month\novixa-website\backend\venv\Lib\site-packages\starlette\_exception_handler.py", line 53, in wrapped_app
    raise exc
  File "C:\Users\SAMSUNG\Downloads\ai_agent_month\novixa-website\backend\venv\Lib\site-packages\starlette\_exception_handler.py", line 42, in wrapped_app
    await app(scope, receive, sender)
  File "C:\Users\SAMSUNG\Downloads\ai_agent_month\novixa-website\backend\venv\Lib\site-packages\fastapi\routing.py", line 137, in app
    response = await f(request)
               ^^^^^^^^^^^^^^^^
  File "C:\Users\SAMSUNG\Downloads\ai_agent_month\novixa-website\backend\venv\Lib\site-packages\fastapi\routing.py", line 691, in app
    raw_response = await run_endpoint_function(
                   ^^^^^^^^^^^^^^^^^^^^^^^^^^^^
    ...<3 lines>...
    )
    ^
  File "C:\Users\SAMSUNG\Downloads\ai_agent_month\novixa-website\backend\venv\Lib\site-packages\fastapi\routing.py", line 347, in run_endpoint_function
    return await run_in_threadpool(dependant.call, **values)
           ^^^^^^^^^^^^^^^^^^^^^^^^^^^^^^^^^^^^^^^^^^^^^^^^^
  File "C:\Users\SAMSUNG\Downloads\ai_agent_month\novixa-website\backend\venv\Lib\site-packages\starlette\concurrency.py", line 34, in run_in_threadpool
    return await anyio.to_thread.run_sync(func)
           ^^^^^^^^^^^^^^^^^^^^^^^^^^^^^^^^^^^^
  File "C:\Users\SAMSUNG\Downloads\ai_agent_month\novixa-website\backend\venv\Lib\site-packages\anyio\to_thread.py", line 65, in run_sync
    return await get_async_backend().run_sync_in_worker_thread(
           ^^^^^^^^^^^^^^^^^^^^^^^^^^^^^^^^^^^^^^^^^^^^^^^^^^^^
        func, args, abandon_on_cancel=abandon_on_cancel, limiter=limiter
        ^^^^^^^^^^^^^^^^^^^^^^^^^^^^^^^^^^^^^^^^^^^^^^^^^^^^^^^^^^^^^^^^
    )
    ^
  File "C:\Users\SAMSUNG\Downloads\ai_agent_month\novixa-website\backend\venv\Lib\site-packages\anyio\_backends\_asyncio.py", line 2641, in run_sync_in_worker_thread
    return await future
           ^^^^^^^^^^^^
  File "C:\Users\SAMSUNG\Downloads\ai_agent_month\novixa-website\backend\venv\Lib\site-packages\anyio\_backends\_asyncio.py", line 1033, in run
    result = context.run(func, *args)
  File "C:\Users\SAMSUNG\Downloads\ai_agent_month\novixa-website\backend\app\routes\auth.py", line 22, in login
    and verify_password(
        ~~~~~~~~~~~~~~~^
        data.password,
        ^^^^^^^^^^^^^^
        ADMIN_PASSWORD_HASH
        ^^^^^^^^^^^^^^^^^^^
    )
    ^
  File "C:\Users\SAMSUNG\Downloads\ai_agent_month\novixa-website\backend\app\core\security.py", line 21, in verify_password
    return password_hash.verify(password, hashed)
           ~~~~~~~~~~~~~~~~~~~~^^^^^^^^^^^^^^^^^^
  File "C:\Users\SAMSUNG\Downloads\ai_agent_month\novixa-website\backend\venv\Lib\site-packages\pwdlib\_hash.py", line 85, in verify
    raise exceptions.UnknownHashError(hash)
pwdlib.exceptions.UnknownHashError: This hash can't be identified. Make sure it's valid and that its corresponding hasher is enabled.
2026-08-01 19:36:47,015 | ERROR | Unhandled exception: This hash can't be identified. Make sure it's valid and that its corresponding hasher is enabled.
Traceback (most recent call last):
  File "C:\Users\SAMSUNG\Downloads\ai_agent_month\novixa-website\backend\venv\Lib\site-packages\starlette\middleware\errors.py", line 164, in __call__
    await self.app(scope, receive, _send)
  File "C:\Users\SAMSUNG\Downloads\ai_agent_month\novixa-website\backend\venv\Lib\site-packages\starlette\middleware\cors.py", line 96, in __call__
    await self.simple_response(scope, receive, send, request_headers=headers)
  File "C:\Users\SAMSUNG\Downloads\ai_agent_month\novixa-website\backend\venv\Lib\site-packages\starlette\middleware\cors.py", line 154, in simple_response
    await self.app(scope, receive, send)
  File "C:\Users\SAMSUNG\Downloads\ai_agent_month\novixa-website\backend\venv\Lib\site-packages\starlette\middleware\exceptions.py", line 63, in __call__
    await wrap_app_handling_exceptions(self.app, conn)(scope, receive, send)
  File "C:\Users\SAMSUNG\Downloads\ai_agent_month\novixa-website\backend\venv\Lib\site-packages\starlette\_exception_handler.py", line 53, in wrapped_app
    raise exc
  File "C:\Users\SAMSUNG\Downloads\ai_agent_month\novixa-website\backend\venv\Lib\site-packages\starlette\_exception_handler.py", line 42, in wrapped_app
    await app(scope, receive, sender)
  File "C:\Users\SAMSUNG\Downloads\ai_agent_month\novixa-website\backend\venv\Lib\site-packages\fastapi\middleware\asyncexitstack.py", line 18, in __call__
    await self.app(scope, receive, send)
  File "C:\Users\SAMSUNG\Downloads\ai_agent_month\novixa-website\backend\venv\Lib\site-packages\starlette\routing.py", line 660, in __call__
    await self.middleware_stack(scope, receive, send)
  File "C:\Users\SAMSUNG\Downloads\ai_agent_month\novixa-website\backend\venv\Lib\site-packages\fastapi\routing.py", line 2685, in app
    await route.handle(scope, receive, send)
  File "C:\Users\SAMSUNG\Downloads\ai_agent_month\novixa-website\backend\venv\Lib\site-packages\fastapi\routing.py", line 1766, in handle
    await self.original_router.handle(scope, receive, send)
  File "C:\Users\SAMSUNG\Downloads\ai_agent_month\novixa-website\backend\venv\Lib\site-packages\fastapi\routing.py", line 2740, in handle
    await included_router._handle_selected(scope, receive, send)
  File "C:\Users\SAMSUNG\Downloads\ai_agent_month\novixa-website\backend\venv\Lib\site-packages\fastapi\routing.py", line 1786, in _handle_selected
    await original_route.handle(scope, receive, send)
  File "C:\Users\SAMSUNG\Downloads\ai_agent_month\novixa-website\backend\venv\Lib\site-packages\fastapi\routing.py", line 1265, in handle
    await app(scope, receive, send)
  File "C:\Users\SAMSUNG\Downloads\ai_agent_month\novixa-website\backend\venv\Lib\site-packages\fastapi\routing.py", line 151, in app
    await wrap_app_handling_exceptions(app, request)(scope, receive, send)
  File "C:\Users\SAMSUNG\Downloads\ai_agent_month\novixa-website\backend\venv\Lib\site-packages\starlette\_exception_handler.py", line 53, in wrapped_app
    raise exc
  File "C:\Users\SAMSUNG\Downloads\ai_agent_month\novixa-website\backend\venv\Lib\site-packages\starlette\_exception_handler.py", line 42, in wrapped_app
    await app(scope, receive, sender)
  File "C:\Users\SAMSUNG\Downloads\ai_agent_month\novixa-website\backend\venv\Lib\site-packages\fastapi\routing.py", line 137, in app
    response = await f(request)
               ^^^^^^^^^^^^^^^^
  File "C:\Users\SAMSUNG\Downloads\ai_agent_month\novixa-website\backend\venv\Lib\site-packages\fastapi\routing.py", line 691, in app
    raw_response = await run_endpoint_function(
                   ^^^^^^^^^^^^^^^^^^^^^^^^^^^^
    ...<3 lines>...
    )
    ^
  File "C:\Users\SAMSUNG\Downloads\ai_agent_month\novixa-website\backend\venv\Lib\site-packages\fastapi\routing.py", line 347, in run_endpoint_function
    return await run_in_threadpool(dependant.call, **values)
           ^^^^^^^^^^^^^^^^^^^^^^^^^^^^^^^^^^^^^^^^^^^^^^^^^
  File "C:\Users\SAMSUNG\Downloads\ai_agent_month\novixa-website\backend\venv\Lib\site-packages\starlette\concurrency.py", line 34, in run_in_threadpool
    return await anyio.to_thread.run_sync(func)
           ^^^^^^^^^^^^^^^^^^^^^^^^^^^^^^^^^^^^
  File "C:\Users\SAMSUNG\Downloads\ai_agent_month\novixa-website\backend\venv\Lib\site-packages\anyio\to_thread.py", line 65, in run_sync
    return await get_async_backend().run_sync_in_worker_thread(
           ^^^^^^^^^^^^^^^^^^^^^^^^^^^^^^^^^^^^^^^^^^^^^^^^^^^^
        func, args, abandon_on_cancel=abandon_on_cancel, limiter=limiter
        ^^^^^^^^^^^^^^^^^^^^^^^^^^^^^^^^^^^^^^^^^^^^^^^^^^^^^^^^^^^^^^^^
    )
    ^
  File "C:\Users\SAMSUNG\Downloads\ai_agent_month\novixa-website\backend\venv\Lib\site-packages\anyio\_backends\_asyncio.py", line 2641, in run_sync_in_worker_thread
    return await future
           ^^^^^^^^^^^^
  File "C:\Users\SAMSUNG\Downloads\ai_agent_month\novixa-website\backend\venv\Lib\site-packages\anyio\_backends\_asyncio.py", line 1033, in run
    result = context.run(func, *args)
  File "C:\Users\SAMSUNG\Downloads\ai_agent_month\novixa-website\backend\app\routes\auth.py", line 22, in login
    and verify_password(
        ~~~~~~~~~~~~~~~^
        data.password,
        ^^^^^^^^^^^^^^
        ADMIN_PASSWORD_HASH
        ^^^^^^^^^^^^^^^^^^^
    )
    ^
  File "C:\Users\SAMSUNG\Downloads\ai_agent_month\novixa-website\backend\app\core\security.py", line 21, in verify_password
    return password_hash.verify(password, hashed)
           ~~~~~~~~~~~~~~~~~~~~^^^^^^^^^^^^^^^^^^
  File "C:\Users\SAMSUNG\Downloads\ai_agent_month\novixa-website\backend\venv\Lib\site-packages\pwdlib\_hash.py", line 85, in verify
    raise exceptions.UnknownHashError(hash)
pwdlib.exceptions.UnknownHashError: This hash can't be identified. Make sure it's valid and that its corresponding hasher is enabled.
2026-08-02 14:49:02,167 | ERROR | Unhandled exception: This hash can't be identified. Make sure it's valid and that its corresponding hasher is enabled.
Traceback (most recent call last):
  File "C:\Users\SAMSUNG\Downloads\ai_agent_month\novixa-website\backend\venv\Lib\site-packages\starlette\middleware\errors.py", line 164, in __call__
    await self.app(scope, receive, _send)
  File "C:\Users\SAMSUNG\Downloads\ai_agent_month\novixa-website\backend\venv\Lib\site-packages\starlette\middleware\cors.py", line 96, in __call__
    await self.simple_response(scope, receive, send, request_headers=headers)
  File "C:\Users\SAMSUNG\Downloads\ai_agent_month\novixa-website\backend\venv\Lib\site-packages\starlette\middleware\cors.py", line 154, in simple_response
    await self.app(scope, receive, send)
  File "C:\Users\SAMSUNG\Downloads\ai_agent_month\novixa-website\backend\venv\Lib\site-packages\starlette\middleware\exceptions.py", line 63, in __call__
    await wrap_app_handling_exceptions(self.app, conn)(scope, receive, send)
  File "C:\Users\SAMSUNG\Downloads\ai_agent_month\novixa-website\backend\venv\Lib\site-packages\starlette\_exception_handler.py", line 53, in wrapped_app
    raise exc
  File "C:\Users\SAMSUNG\Downloads\ai_agent_month\novixa-website\backend\venv\Lib\site-packages\starlette\_exception_handler.py", line 42, in wrapped_app
    await app(scope, receive, sender)
  File "C:\Users\SAMSUNG\Downloads\ai_agent_month\novixa-website\backend\venv\Lib\site-packages\fastapi\middleware\asyncexitstack.py", line 18, in __call__
    await self.app(scope, receive, send)
  File "C:\Users\SAMSUNG\Downloads\ai_agent_month\novixa-website\backend\venv\Lib\site-packages\starlette\routing.py", line 660, in __call__
    await self.middleware_stack(scope, receive, send)
  File "C:\Users\SAMSUNG\Downloads\ai_agent_month\novixa-website\backend\venv\Lib\site-packages\fastapi\routing.py", line 2685, in app
    await route.handle(scope, receive, send)
  File "C:\Users\SAMSUNG\Downloads\ai_agent_month\novixa-website\backend\venv\Lib\site-packages\fastapi\routing.py", line 1766, in handle
    await self.original_router.handle(scope, receive, send)
  File "C:\Users\SAMSUNG\Downloads\ai_agent_month\novixa-website\backend\venv\Lib\site-packages\fastapi\routing.py", line 2740, in handle
    await included_router._handle_selected(scope, receive, send)
  File "C:\Users\SAMSUNG\Downloads\ai_agent_month\novixa-website\backend\venv\Lib\site-packages\fastapi\routing.py", line 1786, in _handle_selected
    await original_route.handle(scope, receive, send)
  File "C:\Users\SAMSUNG\Downloads\ai_agent_month\novixa-website\backend\venv\Lib\site-packages\fastapi\routing.py", line 1265, in handle
    await app(scope, receive, send)
  File "C:\Users\SAMSUNG\Downloads\ai_agent_month\novixa-website\backend\venv\Lib\site-packages\fastapi\routing.py", line 151, in app
    await wrap_app_handling_exceptions(app, request)(scope, receive, send)
  File "C:\Users\SAMSUNG\Downloads\ai_agent_month\novixa-website\backend\venv\Lib\site-packages\starlette\_exception_handler.py", line 53, in wrapped_app
    raise exc
  File "C:\Users\SAMSUNG\Downloads\ai_agent_month\novixa-website\backend\venv\Lib\site-packages\starlette\_exception_handler.py", line 42, in wrapped_app
    await app(scope, receive, sender)
  File "C:\Users\SAMSUNG\Downloads\ai_agent_month\novixa-website\backend\venv\Lib\site-packages\fastapi\routing.py", line 137, in app
    response = await f(request)
               ^^^^^^^^^^^^^^^^
  File "C:\Users\SAMSUNG\Downloads\ai_agent_month\novixa-website\backend\venv\Lib\site-packages\fastapi\routing.py", line 691, in app
    raw_response = await run_endpoint_function(
                   ^^^^^^^^^^^^^^^^^^^^^^^^^^^^
    ...<3 lines>...
    )
    ^
  File "C:\Users\SAMSUNG\Downloads\ai_agent_month\novixa-website\backend\venv\Lib\site-packages\fastapi\routing.py", line 347, in run_endpoint_function
    return await run_in_threadpool(dependant.call, **values)
           ^^^^^^^^^^^^^^^^^^^^^^^^^^^^^^^^^^^^^^^^^^^^^^^^^
  File "C:\Users\SAMSUNG\Downloads\ai_agent_month\novixa-website\backend\venv\Lib\site-packages\starlette\concurrency.py", line 34, in run_in_threadpool
    return await anyio.to_thread.run_sync(func)
           ^^^^^^^^^^^^^^^^^^^^^^^^^^^^^^^^^^^^
  File "C:\Users\SAMSUNG\Downloads\ai_agent_month\novixa-website\backend\venv\Lib\site-packages\anyio\to_thread.py", line 65, in run_sync
    return await get_async_backend().run_sync_in_worker_thread(
           ^^^^^^^^^^^^^^^^^^^^^^^^^^^^^^^^^^^^^^^^^^^^^^^^^^^^
        func, args, abandon_on_cancel=abandon_on_cancel, limiter=limiter
        ^^^^^^^^^^^^^^^^^^^^^^^^^^^^^^^^^^^^^^^^^^^^^^^^^^^^^^^^^^^^^^^^
    )
    ^
  File "C:\Users\SAMSUNG\Downloads\ai_agent_month\novixa-website\backend\venv\Lib\site-packages\anyio\_backends\_asyncio.py", line 2641, in run_sync_in_worker_thread
    return await future
           ^^^^^^^^^^^^
  File "C:\Users\SAMSUNG\Downloads\ai_agent_month\novixa-website\backend\venv\Lib\site-packages\anyio\_backends\_asyncio.py", line 1033, in run
    result = context.run(func, *args)
  File "C:\Users\SAMSUNG\Downloads\ai_agent_month\novixa-website\backend\app\routes\auth.py", line 22, in login
    and verify_password(
        ~~~~~~~~~~~~~~~^
        data.password,
        ^^^^^^^^^^^^^^
        ADMIN_PASSWORD_HASH
        ^^^^^^^^^^^^^^^^^^^
    )
    ^
  File "C:\Users\SAMSUNG\Downloads\ai_agent_month\novixa-website\backend\app\core\security.py", line 21, in verify_password
    return password_hash.verify(password, hashed)
           ~~~~~~~~~~~~~~~~~~~~^^^^^^^^^^^^^^^^^^
  File "C:\Users\SAMSUNG\Downloads\ai_agent_month\novixa-website\backend\venv\Lib\site-packages\pwdlib\_hash.py", line 85, in verify
    raise exceptions.UnknownHashError(hash)
pwdlib.exceptions.UnknownHashError: This hash can't be identified. Make sure it's valid and that its corresponding hasher is enabled.
2026-08-02 15:52:04,425 | ERROR | Unhandled exception: hash must be str or bytes
Traceback (most recent call last):
  File "C:\Users\SAMSUNG\Downloads\ai_agent_month\novixa-website\backend\venv\Lib\site-packages\starlette\middleware\errors.py", line 164, in __call__
    await self.app(scope, receive, _send)
  File "C:\Users\SAMSUNG\Downloads\ai_agent_month\novixa-website\backend\venv\Lib\site-packages\starlette\middleware\cors.py", line 96, in __call__
    await self.simple_response(scope, receive, send, request_headers=headers)
  File "C:\Users\SAMSUNG\Downloads\ai_agent_month\novixa-website\backend\venv\Lib\site-packages\starlette\middleware\cors.py", line 154, in simple_response
    await self.app(scope, receive, send)
  File "C:\Users\SAMSUNG\Downloads\ai_agent_month\novixa-website\backend\venv\Lib\site-packages\starlette\middleware\exceptions.py", line 63, in __call__
    await wrap_app_handling_exceptions(self.app, conn)(scope, receive, send)
  File "C:\Users\SAMSUNG\Downloads\ai_agent_month\novixa-website\backend\venv\Lib\site-packages\starlette\_exception_handler.py", line 53, in wrapped_app
    raise exc
  File "C:\Users\SAMSUNG\Downloads\ai_agent_month\novixa-website\backend\venv\Lib\site-packages\starlette\_exception_handler.py", line 42, in wrapped_app
    await app(scope, receive, sender)
  File "C:\Users\SAMSUNG\Downloads\ai_agent_month\novixa-website\backend\venv\Lib\site-packages\fastapi\middleware\asyncexitstack.py", line 18, in __call__
    await self.app(scope, receive, send)
  File "C:\Users\SAMSUNG\Downloads\ai_agent_month\novixa-website\backend\venv\Lib\site-packages\starlette\routing.py", line 660, in __call__
    await self.middleware_stack(scope, receive, send)
  File "C:\Users\SAMSUNG\Downloads\ai_agent_month\novixa-website\backend\venv\Lib\site-packages\fastapi\routing.py", line 2685, in app
    await route.handle(scope, receive, send)
  File "C:\Users\SAMSUNG\Downloads\ai_agent_month\novixa-website\backend\venv\Lib\site-packages\fastapi\routing.py", line 1766, in handle
    await self.original_router.handle(scope, receive, send)
  File "C:\Users\SAMSUNG\Downloads\ai_agent_month\novixa-website\backend\venv\Lib\site-packages\fastapi\routing.py", line 2740, in handle
    await included_router._handle_selected(scope, receive, send)
  File "C:\Users\SAMSUNG\Downloads\ai_agent_month\novixa-website\backend\venv\Lib\site-packages\fastapi\routing.py", line 1786, in _handle_selected
    await original_route.handle(scope, receive, send)
  File "C:\Users\SAMSUNG\Downloads\ai_agent_month\novixa-website\backend\venv\Lib\site-packages\fastapi\routing.py", line 1265, in handle
    await app(scope, receive, send)
  File "C:\Users\SAMSUNG\Downloads\ai_agent_month\novixa-website\backend\venv\Lib\site-packages\fastapi\routing.py", line 151, in app
    await wrap_app_handling_exceptions(app, request)(scope, receive, send)
  File "C:\Users\SAMSUNG\Downloads\ai_agent_month\novixa-website\backend\venv\Lib\site-packages\starlette\_exception_handler.py", line 53, in wrapped_app
    raise exc
  File "C:\Users\SAMSUNG\Downloads\ai_agent_month\novixa-website\backend\venv\Lib\site-packages\starlette\_exception_handler.py", line 42, in wrapped_app
    await app(scope, receive, sender)
  File "C:\Users\SAMSUNG\Downloads\ai_agent_month\novixa-website\backend\venv\Lib\site-packages\fastapi\routing.py", line 137, in app
    response = await f(request)
               ^^^^^^^^^^^^^^^^
  File "C:\Users\SAMSUNG\Downloads\ai_agent_month\novixa-website\backend\venv\Lib\site-packages\fastapi\routing.py", line 691, in app
    raw_response = await run_endpoint_function(
                   ^^^^^^^^^^^^^^^^^^^^^^^^^^^^
    ...<3 lines>...
    )
    ^
  File "C:\Users\SAMSUNG\Downloads\ai_agent_month\novixa-website\backend\venv\Lib\site-packages\fastapi\routing.py", line 347, in run_endpoint_function
    return await run_in_threadpool(dependant.call, **values)
           ^^^^^^^^^^^^^^^^^^^^^^^^^^^^^^^^^^^^^^^^^^^^^^^^^
  File "C:\Users\SAMSUNG\Downloads\ai_agent_month\novixa-website\backend\venv\Lib\site-packages\starlette\concurrency.py", line 34, in run_in_threadpool
    return await anyio.to_thread.run_sync(func)
           ^^^^^^^^^^^^^^^^^^^^^^^^^^^^^^^^^^^^
  File "C:\Users\SAMSUNG\Downloads\ai_agent_month\novixa-website\backend\venv\Lib\site-packages\anyio\to_thread.py", line 65, in run_sync
    return await get_async_backend().run_sync_in_worker_thread(
           ^^^^^^^^^^^^^^^^^^^^^^^^^^^^^^^^^^^^^^^^^^^^^^^^^^^^
        func, args, abandon_on_cancel=abandon_on_cancel, limiter=limiter
        ^^^^^^^^^^^^^^^^^^^^^^^^^^^^^^^^^^^^^^^^^^^^^^^^^^^^^^^^^^^^^^^^
    )
    ^
  File "C:\Users\SAMSUNG\Downloads\ai_agent_month\novixa-website\backend\venv\Lib\site-packages\anyio\_backends\_asyncio.py", line 2641, in run_sync_in_worker_thread
    return await future
           ^^^^^^^^^^^^
  File "C:\Users\SAMSUNG\Downloads\ai_agent_month\novixa-website\backend\venv\Lib\site-packages\anyio\_backends\_asyncio.py", line 1033, in run
    result = context.run(func, *args)
  File "C:\Users\SAMSUNG\Downloads\ai_agent_month\novixa-website\backend\app\routes\auth.py", line 22, in login
    and verify_password(
        ~~~~~~~~~~~~~~~^
        data.password,
        ^^^^^^^^^^^^^^
        ADMIN_PASSWORD_HASH
        ^^^^^^^^^^^^^^^^^^^
    )
    ^
  File "C:\Users\SAMSUNG\Downloads\ai_agent_month\novixa-website\backend\app\core\security.py", line 21, in verify_password
    return password_hash.verify(password, hashed)
           ~~~~~~~~~~~~~~~~~~~~^^^^^^^^^^^^^^^^^^
  File "C:\Users\SAMSUNG\Downloads\ai_agent_month\novixa-website\backend\venv\Lib\site-packages\pwdlib\_hash.py", line 81, in verify
    validate_str_or_bytes(hash, "hash")
    ~~~~~~~~~~~~~~~~~~~~~^^^^^^^^^^^^^^
  File "C:\Users\SAMSUNG\Downloads\ai_agent_month\novixa-website\backend\venv\Lib\site-packages\pwdlib\hashers\base.py", line 16, in validate_str_or_bytes
    raise TypeError(f"{param_name} must be str or bytes")  # noqa: TRY003
    ^^^^^^^^^^^^^^^^^^^^^^^^^^^^^^^^^^^^^^^^^^^^^^^^^^^^^
TypeError: hash must be str or bytes
2026-08-02 15:58:49,429 | ERROR | Unhandled exception: hash must be str or bytes
Traceback (most recent call last):
  File "C:\Users\SAMSUNG\Downloads\ai_agent_month\novixa-website\backend\venv\Lib\site-packages\starlette\middleware\errors.py", line 164, in __call__
    await self.app(scope, receive, _send)
  File "C:\Users\SAMSUNG\Downloads\ai_agent_month\novixa-website\backend\venv\Lib\site-packages\starlette\middleware\cors.py", line 96, in __call__
    await self.simple_response(scope, receive, send, request_headers=headers)
  File "C:\Users\SAMSUNG\Downloads\ai_agent_month\novixa-website\backend\venv\Lib\site-packages\starlette\middleware\cors.py", line 154, in simple_response
    await self.app(scope, receive, send)
  File "C:\Users\SAMSUNG\Downloads\ai_agent_month\novixa-website\backend\venv\Lib\site-packages\starlette\middleware\exceptions.py", line 63, in __call__
    await wrap_app_handling_exceptions(self.app, conn)(scope, receive, send)
  File "C:\Users\SAMSUNG\Downloads\ai_agent_month\novixa-website\backend\venv\Lib\site-packages\starlette\_exception_handler.py", line 53, in wrapped_app
    raise exc
  File "C:\Users\SAMSUNG\Downloads\ai_agent_month\novixa-website\backend\venv\Lib\site-packages\starlette\_exception_handler.py", line 42, in wrapped_app
    await app(scope, receive, sender)
  File "C:\Users\SAMSUNG\Downloads\ai_agent_month\novixa-website\backend\venv\Lib\site-packages\fastapi\middleware\asyncexitstack.py", line 18, in __call__
    await self.app(scope, receive, send)
  File "C:\Users\SAMSUNG\Downloads\ai_agent_month\novixa-website\backend\venv\Lib\site-packages\starlette\routing.py", line 660, in __call__
    await self.middleware_stack(scope, receive, send)
  File "C:\Users\SAMSUNG\Downloads\ai_agent_month\novixa-website\backend\venv\Lib\site-packages\fastapi\routing.py", line 2685, in app
    await route.handle(scope, receive, send)
  File "C:\Users\SAMSUNG\Downloads\ai_agent_month\novixa-website\backend\venv\Lib\site-packages\fastapi\routing.py", line 1766, in handle
    await self.original_router.handle(scope, receive, send)
  File "C:\Users\SAMSUNG\Downloads\ai_agent_month\novixa-website\backend\venv\Lib\site-packages\fastapi\routing.py", line 2740, in handle
    await included_router._handle_selected(scope, receive, send)
  File "C:\Users\SAMSUNG\Downloads\ai_agent_month\novixa-website\backend\venv\Lib\site-packages\fastapi\routing.py", line 1786, in _handle_selected
    await original_route.handle(scope, receive, send)
  File "C:\Users\SAMSUNG\Downloads\ai_agent_month\novixa-website\backend\venv\Lib\site-packages\fastapi\routing.py", line 1265, in handle
    await app(scope, receive, send)
  File "C:\Users\SAMSUNG\Downloads\ai_agent_month\novixa-website\backend\venv\Lib\site-packages\fastapi\routing.py", line 151, in app
    await wrap_app_handling_exceptions(app, request)(scope, receive, send)
  File "C:\Users\SAMSUNG\Downloads\ai_agent_month\novixa-website\backend\venv\Lib\site-packages\starlette\_exception_handler.py", line 53, in wrapped_app
    raise exc
  File "C:\Users\SAMSUNG\Downloads\ai_agent_month\novixa-website\backend\venv\Lib\site-packages\starlette\_exception_handler.py", line 42, in wrapped_app
    await app(scope, receive, sender)
  File "C:\Users\SAMSUNG\Downloads\ai_agent_month\novixa-website\backend\venv\Lib\site-packages\fastapi\routing.py", line 137, in app
    response = await f(request)
               ^^^^^^^^^^^^^^^^
  File "C:\Users\SAMSUNG\Downloads\ai_agent_month\novixa-website\backend\venv\Lib\site-packages\fastapi\routing.py", line 691, in app
    raw_response = await run_endpoint_function(
                   ^^^^^^^^^^^^^^^^^^^^^^^^^^^^
    ...<3 lines>...
    )
    ^
  File "C:\Users\SAMSUNG\Downloads\ai_agent_month\novixa-website\backend\venv\Lib\site-packages\fastapi\routing.py", line 347, in run_endpoint_function
    return await run_in_threadpool(dependant.call, **values)
           ^^^^^^^^^^^^^^^^^^^^^^^^^^^^^^^^^^^^^^^^^^^^^^^^^
  File "C:\Users\SAMSUNG\Downloads\ai_agent_month\novixa-website\backend\venv\Lib\site-packages\starlette\concurrency.py", line 34, in run_in_threadpool
    return await anyio.to_thread.run_sync(func)
           ^^^^^^^^^^^^^^^^^^^^^^^^^^^^^^^^^^^^
  File "C:\Users\SAMSUNG\Downloads\ai_agent_month\novixa-website\backend\venv\Lib\site-packages\anyio\to_thread.py", line 65, in run_sync
    return await get_async_backend().run_sync_in_worker_thread(
           ^^^^^^^^^^^^^^^^^^^^^^^^^^^^^^^^^^^^^^^^^^^^^^^^^^^^
        func, args, abandon_on_cancel=abandon_on_cancel, limiter=limiter
        ^^^^^^^^^^^^^^^^^^^^^^^^^^^^^^^^^^^^^^^^^^^^^^^^^^^^^^^^^^^^^^^^
    )
    ^
  File "C:\Users\SAMSUNG\Downloads\ai_agent_month\novixa-website\backend\venv\Lib\site-packages\anyio\_backends\_asyncio.py", line 2641, in run_sync_in_worker_thread
    return await future
           ^^^^^^^^^^^^
  File "C:\Users\SAMSUNG\Downloads\ai_agent_month\novixa-website\backend\venv\Lib\site-packages\anyio\_backends\_asyncio.py", line 1033, in run
    result = context.run(func, *args)
  File "C:\Users\SAMSUNG\Downloads\ai_agent_month\novixa-website\backend\app\routes\auth.py", line 22, in login
    and verify_password(
        ~~~~~~~~~~~~~~~^
        data.password,
        ^^^^^^^^^^^^^^
        ADMIN_PASSWORD_HASH
        ^^^^^^^^^^^^^^^^^^^
    )
    ^
  File "C:\Users\SAMSUNG\Downloads\ai_agent_month\novixa-website\backend\app\core\security.py", line 21, in verify_password
    return password_hash.verify(password, hashed)
           ~~~~~~~~~~~~~~~~~~~~^^^^^^^^^^^^^^^^^^
  File "C:\Users\SAMSUNG\Downloads\ai_agent_month\novixa-website\backend\venv\Lib\site-packages\pwdlib\_hash.py", line 81, in verify
    validate_str_or_bytes(hash, "hash")
    ~~~~~~~~~~~~~~~~~~~~~^^^^^^^^^^^^^^
  File "C:\Users\SAMSUNG\Downloads\ai_agent_month\novixa-website\backend\venv\Lib\site-packages\pwdlib\hashers\base.py", line 16, in validate_str_or_bytes
    raise TypeError(f"{param_name} must be str or bytes")  # noqa: TRY003
    ^^^^^^^^^^^^^^^^^^^^^^^^^^^^^^^^^^^^^^^^^^^^^^^^^^^^^
TypeError: hash must be str or bytes
2026-08-03 11:08:32,327 | INFO | New contact received from Salman (salman@example.com)
2026-08-03 11:09:37,823 | INFO | New contact received from Salman (salman@example.com)
2026-08-03 12:10:08,851 | INFO | New contact received from salman (salman@example.com)
2026-08-03 21:11:30,484 | INFO | New contact received from salmen (salman@example.com)
2026-08-03 22:04:13,565 | INFO | GET / 200 0.0048s
2026-08-03 22:04:19,737 | INFO | GET /docs 200 0.0016s
2026-08-03 22:04:20,153 | INFO | GET /openapi.json 200 0.0629s
2026-08-03 22:04:47,514 | INFO | GET /health 200 0.0024s
2026-08-03 22:06:21,030 | INFO | POST /api/v1/login 401 0.0082s
2026-08-03 22:07:33,669 | INFO | New contact received from salman (salman@example.com)
2026-08-03 22:07:33,673 | INFO | POST /api/v1/contact 200 0.0483s
